// Jest Snapshot v1, https://goo.gl/fbAQLP

exports[`EtablissementSirene.vue Snapshot testing It match the snapshot 1`] = `
<div
  class="company"
>
  <section
    class="etablissement__section-grey"
  >
    <div
      class="container company-container company-container__header"
    >
      <etablissementsireneheader-stub />
    </div>
     
    <div
      class="container company-container"
    >
      <etablissementsirenecontact-stub />
       
      <etablissementsireneinfo-stub />
    </div>
     
    <div
      class="container company-container"
    >
      <etablissementsirenechildren-stub />
    </div>
  </section>
</div>
`;
