// Jest Snapshot v1, https://goo.gl/fbAQLP

exports[`EtablissementSirene.vue Snapshot testing It match the snapshot 1`] = `
<div
  class="company"
>
  <section
    class="section-grey"
  >
    <div
      class="container company-container"
    >
      <!---->
       
      <!---->
    </div>
     
    <div
      class="container company-container company-container__extra"
    >
      <!---->
    </div>
     
    <div
      class="container company-container company-container__map"
    >
      <!---->
    </div>
  </section>
</div>
`;
