// Jest Snapshot v1, https://goo.gl/fbAQLP

exports[`EtablissementMap.vue snapshot when no webgl It match the snapshot 1`] = `
<div
  class="panel"
>
  <p
    class="panel__message"
  >
    Votre navigateur ne supporte pas WebGL et ne peut pas afficher la carte de l'établissement.
  </p>
</div>
`;

exports[`EtablissementMap.vue snapshot when webgl It match the snapshot 1`] = `
<div
  class="panel"
  id="map"
/>
`;
