// Jest Snapshot v1, https://goo.gl/fbAQLP

exports[`EtablissementHeader.vue Snapshot testing It match the snapshot 1`] = `
<div
  class="company"
>
  <div
    class="company__main"
  >
    <div
      class="title__block"
    >
      <h2>
         
        <span
          class="company__siren"
        >
          ()
        </span>
      </h2>
       
      <!---->
       
      <div
        class="subtitle"
      >
        <div>
          
        </div>
         
        <div>
          
        </div>
      </div>
       
      <div
        class="second__subtitle"
      >
         
      </div>
       
      <!---->
       
      <div
        class="company__buttons"
      >
        <button
          class="button"
          title="Télécharger les données de cette entreprise au format PDF"
        >
          <img
            alt=""
            class="icon"
            src="@/assets/img/download.svg"
          />
          
          Version imprimable
        
        </button>
      </div>
       
      <etablissementsirenechildren-stub />
    </div>
     
    <etablissementmap-stub
      etablissement="[object Object]"
    />
  </div>
</div>
`;
