// Jest Snapshot v1, https://goo.gl/fbAQLP

exports[`EtablissementSireneInfo.vue snapshot It match the snapshot 1`] = `
<div
  class="company__panel panel"
>
  <div
    class="name__category"
  >
    <h4>
      Informations générales
    </h4>
  </div>
   
  <div
    class="company__item"
  >
    <label
      class="company__item-key"
    >
      SIRET
    </label>
    <div
      class="company__item-value"
    >
       
    </div>
  </div>
   
  <div
    class="company__item"
  >
    <label
      class="company__item-key"
    >
      SIREN
    </label>
    <div
      class="company__item-value"
    >
       
    </div>
  </div>
   
  <div
    class="company__item"
  >
    <label
      class="company__item-key"
    >
      Clef NIC
    </label>
    <div
      class="company__item-value"
    >
       
    </div>
  </div>
   
  <div
    class="company__item"
  >
    <label
      class="company__item-key"
    >
      Activité principale Etablissement
    </label>
    <div
      class="company__item-value"
    >
        - 
    </div>
  </div>
   
  <div
    class="company__item"
  >
    <label
      class="company__item-key"
    >
      Activité principale Entreprise
    </label>
    <div
      class="company__item-value"
    >
        - 
    </div>
  </div>
   
  <div
    class="company__item"
  >
    <label
      class="company__item-key"
    >
      Nature juridique
    </label>
    <div
      class="company__item-value"
    >
       Non renseigné
    </div>
  </div>
   
  <div
    class="company__item"
  >
    <label
      class="company__item-key"
    >
      Numéro RNA
    </label>
    <div
      class="company__item-value"
    >
       Non renseigné
    </div>
  </div>
   
  <div
    class="company__item"
  >
    <label
      class="company__item-key"
    >
      N° TVA Intracommunautaire
    </label>
    <div
      class="company__item-value"
    >
       FRNaNundefined
    </div>
  </div>
</div>
`;
