// Jest Snapshot v1, https://goo.gl/fbAQLP

exports[`EtablissementSireneContact.vue snapshot It match the snapshot 1`] = `
<div
  class="company__panel panel"
>
  <div
    class="company__item"
  >
    <div
      class="company__item-key"
    >
      Gérant
    </div>
    <div
      class="company__item-value"
    >
       Non renseigné
    </div>
  </div>
   
  <div
    class="company__item"
  >
    <div
      class="company__item-key"
    >
      Adresse
    </div>
    <div
      class="company__item-value"
    >
        
    </div>
  </div>
   
  <div
    class="company__item"
  >
    <div
      class="company__item-key"
    >
      Ville
    </div>
    <div
      class="company__item-value"
    >
        
    </div>
  </div>
   
  <div
    class="company__item"
  >
    <div
      class="company__item-key"
    >
      Cedex
    </div>
    <div
      class="company__item-value"
    >
       Non renseigné
    </div>
  </div>
   
  <div
    class="company__item"
  >
    <div
      class="company__item-key"
    >
      Date de création
    </div>
    <div
      class="company__item-value"
    >
       
    </div>
  </div>
   
  <div
    class="company__item"
  >
    <div
      class="company__item-key"
    >
      Téléphone
    </div>
    <div
      class="company__item-value"
    >
       Non renseigné
    </div>
  </div>
   
  <div
    class="company__item"
  >
    <div
      class="company__item-key"
    >
      Email
    </div>
    <div
      class="company__item-value"
    >
       Non renseigné
    </div>
  </div>
   
  <div
    class="company__item"
  >
    <div
      class="company__item-key"
    >
      Tranche d'effectif salariés
    </div>
    <div
      class="company__item-value"
    >
       
    </div>
  </div>
</div>
`;
