// Jest Snapshot v1, https://goo.gl/fbAQLP

exports[`ApiDoc.vue snapshot testing It match the snapshot 1`] = `
<div>
  <section
    class="section-white"
  >
    <div
      class="container centered"
    >
      <h1>
        Les APIs Open Data
      </h1>
       
      <p
        class="centered"
      >
        
      Entreprise.data.gouv.fr est en phase intensive de développement. De nombreuses
      APIs sont en cours d'ajout !
    
      </p>
    </div>
  </section>
   
  <div>
    <section
      class="section-grey"
    >
      <div
        class="container apis"
      >
        <div
          class="description"
        >
          <h2>
            L'API Sirene
          </h2>
           
          <p>
            
          L'API Sirene contient tous les établissements des entreprises françaises,
          ainsi que toutes les associations disposant d'un code SIRET.
            <br />
            
          Les données de l'API Sirene sont délivrées par l'INSEE.
        
          </p>
        </div>
         
        <a
          class="button"
        >
          Documentation API Sirene
        </a>
      </div>
    </section>
     
    <section
      class="section-white"
    >
      <div
        class="container apis"
      >
        <div
          class="description"
        >
          <h2>
            L'API Repertoire National des Associations (RNA)
          </h2>
           
          <p>
            
          Cette API contient toutes les associations françaises.
            <br />
            
          Les données proviennent du Ministère de l'Intérieur.
        
          </p>
        </div>
         
        <a
          class="button"
        >
          Documentation API RNA
        </a>
      </div>
    </section>
     
    <section
      class="section-grey"
    >
      <div
        class="container apis"
      >
        <div
          class="description"
        >
          <h2>
            L'API Répertoire National des Métiers (RNM)
          </h2>
           
          <p>
            
          L'API RNM vous est gracieusement ouverte par les Chambres et Métiers de l'Artisanat.
            <br />
            
          Les données sont mises à jour toutes les nuits.
        
          </p>
        </div>
         
        <a
          class="button"
          href="https://api-rnm.artisanat.fr/"
        >
          Documentation API RNM
        </a>
      </div>
    </section>
     
    <section
      class="section-white"
    >
      <div
        class="container apis"
      >
        <div
          class="description"
        >
          <h2>
            L'API Registre National du Commerce
            <br />
            et des Sociétés (RNCS)
          </h2>
           
          <p>
            
          Cette API contient les données IMR (Immatriculation, Modification, Radiation) des sociétés.
            <br />
            
          Les données proviennent d'Infogreffe et de l'INPI.
        
          </p>
        </div>
         
        <a
          class="button"
        >
          Documentation API RNCS
        </a>
      </div>
    </section>
  </div>
   
  <section
    class="section-grey"
  >
    <div
      class="container"
    >
      <div
        class="column__icon"
      >
        <img
          alt=""
          src="@/assets/img/icons/statistics-on-a-screen.svg"
        />
      </div>
       
      <div
        class="column__right"
      >
        <h2>
          Découvrez les autres APIs et jeux de données Data.gouv
        </h2>
         
        <p>
          <a
            href="https://data.gouv.fr"
          >
            Data.gouv.fr
          </a>
           met a votre disposition de nombreux jeux de données "Open Data".
          <br />
          
        Quelques exemples :
      
        </p>
         
        <ul>
          <li>
            <a
              href="https://www.data.gouv.fr/fr/datasets/resultats-de-lintegralite-des-elections-depuis-2001/"
            >
              Les résultats électoraux
            </a>
          </li>
           
          <li>
            <a
              href="https://www.data.gouv.fr/fr/datasets/fichier-des-prenoms-edition-2016/"
            >
              Le fichier des prénoms
            </a>
          </li>
           
          <li>
            <a
              href="https://www.data.gouv.fr/fr/datasets/secteurs-de-localisation-de-la-loutre-dans-le-jura/"
            >
              Les secteurs de localisation de la loutre dans le Jura
            </a>
          </li>
        </ul>
         
        <p>
          
        Vous pouvez également consulter des réutilisations utiles de ces jeux de données.
      
        </p>
         
        <h3>
          La mission Etalab
        </h3>
         
        <p>
          
        Etalab coordonne la politique d’ouverture et de partage des données publiques (“open data”). 
          <a
            href="https://www.etalab.gouv.fr/en/qui-sommes-nous"
          >
            Plus d'informations.
          </a>
        </p>
      </div>
    </div>
  </section>
   
  <section
    class="section-white"
  >
    <div
      class="container"
    >
      <div
        class="column__full center"
      >
        <h2>
          Découvrez l'API Entreprise, toutes les informations sur les sociétés.
        </h2>
         
        <div
          class="column__img"
        >
          <img
            alt=""
            src="@/assets/img/city.svg"
          />
        </div>
         
        <h3>
          Vous justifiez d'une mission de service public ? L'API Entreprise est pour vous.
        </h3>
         
        <p>
          
        Dans le respect du principe "Dites le nous une seule fois", la DINSIC a mis en place l'API Entreprise,
        l'API qui aggrège les informations sur les entreprises.
          <br />
          
        Obtenez les Greffes, Certificats, Liasses fiscales, Attestations sociales, et bien plus encore...
      
        </p>
         
        <a
          class="button"
          href="https://entreprise.api.gouv.fr/"
        >
          Demander un accès
        </a>
      </div>
    </div>
  </section>
</div>
`;
