// Jest Snapshot v1, https://goo.gl/fbAQLP

exports[`Results.vue snapshot testing It match the snapshot 1`] = `
<header
  class="navbar"
  role="navigation"
>
  <div
    class="navbar__container"
  >
    <a
      class="navbar__home"
    >
      <img
        alt="entreprise.data.gouv.fr"
        class="navbar__logo"
        src="../assets/img/entreprise.svg"
      />
    </a>
  </div>
</header>
`;
